हाँ मुझे ये बताओ किे इंडियन गवर्नमेंट का पी एम के वी वाय जो है स्कीम उसके अंतर्गत महाराष्ट्र स्टेट में ट्वेंटी नाइन्टीन से ट्वेंटी ट्वेंटी में कितने लोगों ने बेनिफिट किया